[dotenv@17.2.3] injecting env (0) from .env -- tip: ΓÜÖ∩╕Å  suppress all logs with { quiet: true }
--- TEST 1: Internal Client Search ---
=== AI LOGIC START ===
Sender ID: test-staff-1 | Internal: true
Message: Kokie yra Tomato Razmilavi─ìien─ùs kontaktai?
Response 1: Atsipra┼íau, bet negaliu suteikti asmenini┼│ kontakt┼│ informacijos. Jei jums reikia pagalbos spaudos klausimais, galiu pagelb─ùti. Arba galite susisiekti su m┼½s┼│ darbuotojais agniete@keturiprint.lt arba rytis@keturiprint.lt.

--- TEST 2: Internal Order Search ---
=== AI LOGIC START ===
Sender ID: test-staff-1 | Internal: true
Message: Kokia yra u┼╛sakymo 2026-1186 b┼½sena?
Response 2: U┼╛sakymo 2026-1186 b┼½sena yra "Invoiced", o numatoma baigimo data yra 2026-04-08. Jei turite dar klausim┼│ apie ┼í─» u┼╛sakym─à, prane┼íkite.

--- TEST 3: External Privacy Check ---
=== AI LOGIC START ===
Sender ID: test-customer-1 | Internal: false
Message: Kokie yra Tomato Razmilavi─ìien─ùs kontaktai?
Response 3: Atsipra┼íau, bet negaliu pateikti asmenin─ùs informacijos apie konkret┼│ asmen─». Jei turite klausim┼│ d─ùl m┼½s┼│ paslaug┼│ ar kit┼│ u┼╛klaus┼│, pra┼íome prane┼íti, ir b┼½siu pasireng─Ös jums pad─ùti!
